MPLINK 4.49, Linker
Linker Map File - Created Tue Mar 29 21:21:38 2022

                                 Section Info
                  Section       Type    Address   Location Size(Bytes)
                ---------  ---------  ---------  ---------  ---------
                   .org_0       code   0x000000    program   0x000000
                   .org_1       code   0x000000    program   0x00007a
.config_2007_PLANTILLA_10.O       code   0x002007    program   0x000002
.config_2008_PLANTILLA_10.O       code   0x002008    program   0x000002



                              Program Memory Usage 
                               Start         End      
                           ---------   ---------      
                            0x000000    0x00003c      
                            0x002007    0x002008      
            63 out of 8455 program addresses used, program memory utilization is 0%



                              Symbols - Sorted by Name
                     Name    Address   Location    Storage File                     
                ---------  ---------  ---------  --------- ---------                
                 DERECHA0   0x000034    program     static C:\Users\Jair Hernandez\Desktop\Sistemas Digitales\Practica 10\Plantilla_10.ASM
                 DERECHA1   0x00002b    program     static C:\Users\Jair Hernandez\Desktop\Sistemas Digitales\Practica 10\Plantilla_10.ASM
               IZQUIERDA0   0x000022    program     static C:\Users\Jair Hernandez\Desktop\Sistemas Digitales\Practica 10\Plantilla_10.ASM
               IZQUIERDA1   0x000019    program     static C:\Users\Jair Hernandez\Desktop\Sistemas Digitales\Practica 10\Plantilla_10.ASM
            PORTS_CONFING   0x000002    program     static C:\Users\Jair Hernandez\Desktop\Sistemas Digitales\Practica 10\Plantilla_10.ASM
                 PRIMERAS   0x000013    program     static C:\Users\Jair Hernandez\Desktop\Sistemas Digitales\Practica 10\Plantilla_10.ASM
                PRINCIPAL   0x00000e    program     static C:\Users\Jair Hernandez\Desktop\Sistemas Digitales\Practica 10\Plantilla_10.ASM
                 SEGUNDAS   0x000016    program     static C:\Users\Jair Hernandez\Desktop\Sistemas Digitales\Practica 10\Plantilla_10.ASM



                              Symbols - Sorted by Address
                     Name    Address   Location    Storage File                     
                ---------  ---------  ---------  --------- ---------                
            PORTS_CONFING   0x000002    program     static C:\Users\Jair Hernandez\Desktop\Sistemas Digitales\Practica 10\Plantilla_10.ASM
                PRINCIPAL   0x00000e    program     static C:\Users\Jair Hernandez\Desktop\Sistemas Digitales\Practica 10\Plantilla_10.ASM
                 PRIMERAS   0x000013    program     static C:\Users\Jair Hernandez\Desktop\Sistemas Digitales\Practica 10\Plantilla_10.ASM
                 SEGUNDAS   0x000016    program     static C:\Users\Jair Hernandez\Desktop\Sistemas Digitales\Practica 10\Plantilla_10.ASM
               IZQUIERDA1   0x000019    program     static C:\Users\Jair Hernandez\Desktop\Sistemas Digitales\Practica 10\Plantilla_10.ASM
               IZQUIERDA0   0x000022    program     static C:\Users\Jair Hernandez\Desktop\Sistemas Digitales\Practica 10\Plantilla_10.ASM
                 DERECHA1   0x00002b    program     static C:\Users\Jair Hernandez\Desktop\Sistemas Digitales\Practica 10\Plantilla_10.ASM
                 DERECHA0   0x000034    program     static C:\Users\Jair Hernandez\Desktop\Sistemas Digitales\Practica 10\Plantilla_10.ASM


