MPLINK 4.49, Linker
Linker Map File - Created Fri Mar 25 09:56:00 2022

                                 Section Info
                  Section       Type    Address   Location Size(Bytes)
                ---------  ---------  ---------  ---------  ---------
                   .org_0       code   0x000000    program   0x000000
                   .org_1       code   0x000000    program   0x000048
.config_2007_PLANTILLA_7.O       code   0x002007    program   0x000002
.config_2008_PLANTILLA_7.O       code   0x002008    program   0x000002



                              Program Memory Usage 
                               Start         End      
                           ---------   ---------      
                            0x000000    0x000023      
                            0x002007    0x002008      
            38 out of 8455 program addresses used, program memory utilization is 0%



                              Symbols - Sorted by Name
                     Name    Address   Location    Storage File                     
                ---------  ---------  ---------  --------- ---------                
             PORTS_CONFIG   0x000002    program     static C:\Users\Jair Hernandez\Desktop\Sistemas Digitales\Practica 7\Plantilla_7.ASM
                PRINCIPAL   0x00000e    program     static C:\Users\Jair Hernandez\Desktop\Sistemas Digitales\Practica 7\Plantilla_7.ASM
                  TABLA_1   0x000013    program     static C:\Users\Jair Hernandez\Desktop\Sistemas Digitales\Practica 7\Plantilla_7.ASM



                              Symbols - Sorted by Address
                     Name    Address   Location    Storage File                     
                ---------  ---------  ---------  --------- ---------                
             PORTS_CONFIG   0x000002    program     static C:\Users\Jair Hernandez\Desktop\Sistemas Digitales\Practica 7\Plantilla_7.ASM
                PRINCIPAL   0x00000e    program     static C:\Users\Jair Hernandez\Desktop\Sistemas Digitales\Practica 7\Plantilla_7.ASM
                  TABLA_1   0x000013    program     static C:\Users\Jair Hernandez\Desktop\Sistemas Digitales\Practica 7\Plantilla_7.ASM


