MPLINK 4.49, Linker
Linker Map File - Created Fri Mar 11 08:45:15 2022

                                 Section Info
                  Section       Type    Address   Location Size(Bytes)
                ---------  ---------  ---------  ---------  ---------
                   .org_0       code   0x000000    program   0x000000
                   .org_1       code   0x000000    program   0x000072
.config_2007_PLANTILLA_4.O       code   0x002007    program   0x000002
.config_2008_PLANTILLA_4.O       code   0x002008    program   0x000002



                              Program Memory Usage 
                               Start         End      
                           ---------   ---------      
                            0x000000    0x000038      
                            0x002007    0x002008      
            59 out of 8455 program addresses used, program memory utilization is 0%



                              Symbols - Sorted by Name
                     Name    Address   Location    Storage File                     
                ---------  ---------  ---------  --------- ---------                
                      DOS   0x00002e    program     static C:\Users\Jair Hernandez\Desktop\Sistemas Digitales\Practica 4\Plantilla_4.ASM
            PORTS_CONFING   0x000002    program     static C:\Users\Jair Hernandez\Desktop\Sistemas Digitales\Practica 4\Plantilla_4.ASM
                PRINCIPAL   0x00000e    program     static C:\Users\Jair Hernandez\Desktop\Sistemas Digitales\Practica 4\Plantilla_4.ASM
                  RETARDO   0x00002a    program     static C:\Users\Jair Hernandez\Desktop\Sistemas Digitales\Practica 4\Plantilla_4.ASM
             ROTARDERECHA   0x000023    program     static C:\Users\Jair Hernandez\Desktop\Sistemas Digitales\Practica 4\Plantilla_4.ASM
           ROTARIZQUIERDA   0x00001c    program     static C:\Users\Jair Hernandez\Desktop\Sistemas Digitales\Practica 4\Plantilla_4.ASM
          ROTARIZQUIERDA2   0x000015    program     static C:\Users\Jair Hernandez\Desktop\Sistemas Digitales\Practica 4\Plantilla_4.ASM
                     TRES   0x00002c    program     static C:\Users\Jair Hernandez\Desktop\Sistemas Digitales\Practica 4\Plantilla_4.ASM
                      UNO   0x000030    program     static C:\Users\Jair Hernandez\Desktop\Sistemas Digitales\Practica 4\Plantilla_4.ASM



                              Symbols - Sorted by Address
                     Name    Address   Location    Storage File                     
                ---------  ---------  ---------  --------- ---------                
            PORTS_CONFING   0x000002    program     static C:\Users\Jair Hernandez\Desktop\Sistemas Digitales\Practica 4\Plantilla_4.ASM
                PRINCIPAL   0x00000e    program     static C:\Users\Jair Hernandez\Desktop\Sistemas Digitales\Practica 4\Plantilla_4.ASM
          ROTARIZQUIERDA2   0x000015    program     static C:\Users\Jair Hernandez\Desktop\Sistemas Digitales\Practica 4\Plantilla_4.ASM
           ROTARIZQUIERDA   0x00001c    program     static C:\Users\Jair Hernandez\Desktop\Sistemas Digitales\Practica 4\Plantilla_4.ASM
             ROTARDERECHA   0x000023    program     static C:\Users\Jair Hernandez\Desktop\Sistemas Digitales\Practica 4\Plantilla_4.ASM
                  RETARDO   0x00002a    program     static C:\Users\Jair Hernandez\Desktop\Sistemas Digitales\Practica 4\Plantilla_4.ASM
                     TRES   0x00002c    program     static C:\Users\Jair Hernandez\Desktop\Sistemas Digitales\Practica 4\Plantilla_4.ASM
                      DOS   0x00002e    program     static C:\Users\Jair Hernandez\Desktop\Sistemas Digitales\Practica 4\Plantilla_4.ASM
                      UNO   0x000030    program     static C:\Users\Jair Hernandez\Desktop\Sistemas Digitales\Practica 4\Plantilla_4.ASM


