MPLINK 4.49, Linker
Linker Map File - Created Wed Mar 02 19:40:48 2022

                                 Section Info
                  Section       Type    Address   Location Size(Bytes)
                ---------  ---------  ---------  ---------  ---------
                   .org_0       code   0x000000    program   0x000000
                   .org_1       code   0x000000    program   0x00001a
.config_2007_PLANTILLA_2.O       code   0x002007    program   0x000002
.config_2008_PLANTILLA_2.O       code   0x002008    program   0x000002



                              Program Memory Usage 
                               Start         End      
                           ---------   ---------      
                            0x000000    0x00000c      
                            0x002007    0x002008      
            15 out of 8455 program addresses used, program memory utilization is 0%



                              Symbols - Sorted by Name
                     Name    Address   Location    Storage File                     
                ---------  ---------  ---------  --------- ---------                
            PORTS_CONFING   0x00000c    program     static C:\Users\Jair Hernandez\Desktop\Sistemas Digitales\Practica 2\Plantilla_2.ASM
                PRINCIPAL   0x00000c    program     static C:\Users\Jair Hernandez\Desktop\Sistemas Digitales\Practica 2\Plantilla_2.ASM



                              Symbols - Sorted by Address
                     Name    Address   Location    Storage File                     
                ---------  ---------  ---------  --------- ---------                
            PORTS_CONFING   0x00000c    program     static C:\Users\Jair Hernandez\Desktop\Sistemas Digitales\Practica 2\Plantilla_2.ASM
                PRINCIPAL   0x00000c    program     static C:\Users\Jair Hernandez\Desktop\Sistemas Digitales\Practica 2\Plantilla_2.ASM


