MPLINK 4.49, Linker
Linker Map File - Created Fri Mar 11 09:09:19 2022

                                 Section Info
                  Section       Type    Address   Location Size(Bytes)
                ---------  ---------  ---------  ---------  ---------
                   .org_0       code   0x000000    program   0x000000
                   .org_1       code   0x000000    program   0x0000d8
.config_2007_PLANTILLA_5.O       code   0x002007    program   0x000002
.config_2008_PLANTILLA_5.O       code   0x002008    program   0x000002



                              Program Memory Usage 
                               Start         End      
                           ---------   ---------      
                            0x000000    0x00006b      
                            0x002007    0x002008      
            110 out of 8455 program addresses used, program memory utilization is 1%



                              Symbols - Sorted by Name
                     Name    Address   Location    Storage File                     
                ---------  ---------  ---------  --------- ---------                
              COMPARACION   0x000059    program     static C:\Users\Jair Hernandez\Desktop\Sistemas Digitales\Practica 5\Plantilla_5.ASM
                      DOS   0x000061    program     static C:\Users\Jair Hernandez\Desktop\Sistemas Digitales\Practica 5\Plantilla_5.ASM
           NUEVASECUENCIA   0x00003f    program     static C:\Users\Jair Hernandez\Desktop\Sistemas Digitales\Practica 5\Plantilla_5.ASM
            PORTS_CONFING   0x000002    program     static C:\Users\Jair Hernandez\Desktop\Sistemas Digitales\Practica 5\Plantilla_5.ASM
                 PRIMERAS   0x000015    program     static C:\Users\Jair Hernandez\Desktop\Sistemas Digitales\Practica 5\Plantilla_5.ASM
                PRINCIPAL   0x00000e    program     static C:\Users\Jair Hernandez\Desktop\Sistemas Digitales\Practica 5\Plantilla_5.ASM
                  RETARDO   0x00005d    program     static C:\Users\Jair Hernandez\Desktop\Sistemas Digitales\Practica 5\Plantilla_5.ASM
             ROTARDERECHA   0x00002d    program     static C:\Users\Jair Hernandez\Desktop\Sistemas Digitales\Practica 5\Plantilla_5.ASM
            ROTARDERECHA2   0x000036    program     static C:\Users\Jair Hernandez\Desktop\Sistemas Digitales\Practica 5\Plantilla_5.ASM
           ROTARIZQUIERDA   0x000024    program     static C:\Users\Jair Hernandez\Desktop\Sistemas Digitales\Practica 5\Plantilla_5.ASM
          ROTARIZQUIERDA2   0x00001b    program     static C:\Users\Jair Hernandez\Desktop\Sistemas Digitales\Practica 5\Plantilla_5.ASM
                 SEGUNDAS   0x000018    program     static C:\Users\Jair Hernandez\Desktop\Sistemas Digitales\Practica 5\Plantilla_5.ASM
                     TRES   0x00005f    program     static C:\Users\Jair Hernandez\Desktop\Sistemas Digitales\Practica 5\Plantilla_5.ASM
                      UNO   0x000063    program     static C:\Users\Jair Hernandez\Desktop\Sistemas Digitales\Practica 5\Plantilla_5.ASM



                              Symbols - Sorted by Address
                     Name    Address   Location    Storage File                     
                ---------  ---------  ---------  --------- ---------                
            PORTS_CONFING   0x000002    program     static C:\Users\Jair Hernandez\Desktop\Sistemas Digitales\Practica 5\Plantilla_5.ASM
                PRINCIPAL   0x00000e    program     static C:\Users\Jair Hernandez\Desktop\Sistemas Digitales\Practica 5\Plantilla_5.ASM
                 PRIMERAS   0x000015    program     static C:\Users\Jair Hernandez\Desktop\Sistemas Digitales\Practica 5\Plantilla_5.ASM
                 SEGUNDAS   0x000018    program     static C:\Users\Jair Hernandez\Desktop\Sistemas Digitales\Practica 5\Plantilla_5.ASM
          ROTARIZQUIERDA2   0x00001b    program     static C:\Users\Jair Hernandez\Desktop\Sistemas Digitales\Practica 5\Plantilla_5.ASM
           ROTARIZQUIERDA   0x000024    program     static C:\Users\Jair Hernandez\Desktop\Sistemas Digitales\Practica 5\Plantilla_5.ASM
             ROTARDERECHA   0x00002d    program     static C:\Users\Jair Hernandez\Desktop\Sistemas Digitales\Practica 5\Plantilla_5.ASM
            ROTARDERECHA2   0x000036    program     static C:\Users\Jair Hernandez\Desktop\Sistemas Digitales\Practica 5\Plantilla_5.ASM
           NUEVASECUENCIA   0x00003f    program     static C:\Users\Jair Hernandez\Desktop\Sistemas Digitales\Practica 5\Plantilla_5.ASM
              COMPARACION   0x000059    program     static C:\Users\Jair Hernandez\Desktop\Sistemas Digitales\Practica 5\Plantilla_5.ASM
                  RETARDO   0x00005d    program     static C:\Users\Jair Hernandez\Desktop\Sistemas Digitales\Practica 5\Plantilla_5.ASM
                     TRES   0x00005f    program     static C:\Users\Jair Hernandez\Desktop\Sistemas Digitales\Practica 5\Plantilla_5.ASM
                      DOS   0x000061    program     static C:\Users\Jair Hernandez\Desktop\Sistemas Digitales\Practica 5\Plantilla_5.ASM
                      UNO   0x000063    program     static C:\Users\Jair Hernandez\Desktop\Sistemas Digitales\Practica 5\Plantilla_5.ASM


