MPLINK 4.49, Linker
Linker Map File - Created Thu Mar 24 19:48:18 2022

                                 Section Info
                  Section       Type    Address   Location Size(Bytes)
                ---------  ---------  ---------  ---------  ---------
                   .org_0       code   0x000000    program   0x0000a8
                   .cinit    romdata   0x000054    program   0x000004
.config_2007_PRACTICA_8.O       code   0x002007    program   0x000002
.config_2008_PRACTICA_8.O       code   0x002008    program   0x000002



                              Program Memory Usage 
                               Start         End      
                           ---------   ---------      
                            0x000000    0x000055      
                            0x002007    0x002008      
            88 out of 8455 program addresses used, program memory utilization is 1%



                              Symbols - Sorted by Name
                     Name    Address   Location    Storage File                     
                ---------  ---------  ---------  --------- ---------                
               ASCENDENTE   0x000018    program     static C:\Users\Jair Hernandez\Desktop\Sistemas Digitales\Practica_8.asm
                       D1   0x000047    program     static C:\Users\Jair Hernandez\Desktop\Sistemas Digitales\Practica_8.asm
                       D2   0x00004c    program     static C:\Users\Jair Hernandez\Desktop\Sistemas Digitales\Practica_8.asm
                       D3   0x000051    program     static C:\Users\Jair Hernandez\Desktop\Sistemas Digitales\Practica_8.asm
              DESCENDENTE   0x000023    program     static C:\Users\Jair Hernandez\Desktop\Sistemas Digitales\Practica_8.asm
                       L1   0x000045    program     static C:\Users\Jair Hernandez\Desktop\Sistemas Digitales\Practica_8.asm
                       L2   0x00004a    program     static C:\Users\Jair Hernandez\Desktop\Sistemas Digitales\Practica_8.asm
                       L3   0x00004f    program     static C:\Users\Jair Hernandez\Desktop\Sistemas Digitales\Practica_8.asm
              PAUSA_500MS   0x000045    program     static C:\Users\Jair Hernandez\Desktop\Sistemas Digitales\Practica_8.asm
             PORTS_CONFIG   0x000002    program     static C:\Users\Jair Hernandez\Desktop\Sistemas Digitales\Practica_8.asm
                PRINCIPAL   0x000010    program     static C:\Users\Jair Hernandez\Desktop\Sistemas Digitales\Practica_8.asm
                   PTABLA   0x00002f    program     static C:\Users\Jair Hernandez\Desktop\Sistemas Digitales\Practica_8.asm
                    TABLA   0x000034    program     static C:\Users\Jair Hernandez\Desktop\Sistemas Digitales\Practica_8.asm



                              Symbols - Sorted by Address
                     Name    Address   Location    Storage File                     
                ---------  ---------  ---------  --------- ---------                
             PORTS_CONFIG   0x000002    program     static C:\Users\Jair Hernandez\Desktop\Sistemas Digitales\Practica_8.asm
                PRINCIPAL   0x000010    program     static C:\Users\Jair Hernandez\Desktop\Sistemas Digitales\Practica_8.asm
               ASCENDENTE   0x000018    program     static C:\Users\Jair Hernandez\Desktop\Sistemas Digitales\Practica_8.asm
              DESCENDENTE   0x000023    program     static C:\Users\Jair Hernandez\Desktop\Sistemas Digitales\Practica_8.asm
                   PTABLA   0x00002f    program     static C:\Users\Jair Hernandez\Desktop\Sistemas Digitales\Practica_8.asm
                    TABLA   0x000034    program     static C:\Users\Jair Hernandez\Desktop\Sistemas Digitales\Practica_8.asm
                       L1   0x000045    program     static C:\Users\Jair Hernandez\Desktop\Sistemas Digitales\Practica_8.asm
              PAUSA_500MS   0x000045    program     static C:\Users\Jair Hernandez\Desktop\Sistemas Digitales\Practica_8.asm
                       D1   0x000047    program     static C:\Users\Jair Hernandez\Desktop\Sistemas Digitales\Practica_8.asm
                       L2   0x00004a    program     static C:\Users\Jair Hernandez\Desktop\Sistemas Digitales\Practica_8.asm
                       D2   0x00004c    program     static C:\Users\Jair Hernandez\Desktop\Sistemas Digitales\Practica_8.asm
                       L3   0x00004f    program     static C:\Users\Jair Hernandez\Desktop\Sistemas Digitales\Practica_8.asm
                       D3   0x000051    program     static C:\Users\Jair Hernandez\Desktop\Sistemas Digitales\Practica_8.asm


