MPLINK 4.49, Linker
Linker Map File - Created Mon Mar 07 08:50:49 2022

                                 Section Info
                  Section       Type    Address   Location Size(Bytes)
                ---------  ---------  ---------  ---------  ---------
                   .org_0       code   0x000000    program   0x000000
                   .org_1       code   0x000000    program   0x00004e
.config_2007_PLANTILLA_2.O       code   0x002007    program   0x000002
.config_2008_PLANTILLA_2.O       code   0x002008    program   0x000002



                              Program Memory Usage 
                               Start         End      
                           ---------   ---------      
                            0x000000    0x000026      
                            0x002007    0x002008      
            41 out of 8455 program addresses used, program memory utilization is 0%



                              Symbols - Sorted by Name
                     Name    Address   Location    Storage File                     
                ---------  ---------  ---------  --------- ---------                
                     CERO   0x000021    program     static C:\Users\Jair Hernandez\Desktop\Sistemas Digitales\Practica 2\Plantilla_2.ASM
            PORTS_CONFING   0x000002    program     static C:\Users\Jair Hernandez\Desktop\Sistemas Digitales\Practica 2\Plantilla_2.ASM
                PRINCIPAL   0x000015    program     static C:\Users\Jair Hernandez\Desktop\Sistemas Digitales\Practica 2\Plantilla_2.ASM
                      UNO   0x000024    program     static C:\Users\Jair Hernandez\Desktop\Sistemas Digitales\Practica 2\Plantilla_2.ASM



                              Symbols - Sorted by Address
                     Name    Address   Location    Storage File                     
                ---------  ---------  ---------  --------- ---------                
            PORTS_CONFING   0x000002    program     static C:\Users\Jair Hernandez\Desktop\Sistemas Digitales\Practica 2\Plantilla_2.ASM
                PRINCIPAL   0x000015    program     static C:\Users\Jair Hernandez\Desktop\Sistemas Digitales\Practica 2\Plantilla_2.ASM
                     CERO   0x000021    program     static C:\Users\Jair Hernandez\Desktop\Sistemas Digitales\Practica 2\Plantilla_2.ASM
                      UNO   0x000024    program     static C:\Users\Jair Hernandez\Desktop\Sistemas Digitales\Practica 2\Plantilla_2.ASM


