MPLINK 4.49, Linker
Linker Map File - Created Sat May 14 21:36:43 2022

                                 Section Info
                  Section       Type    Address   Location Size(Bytes)
                ---------  ---------  ---------  ---------  ---------
                   .org_0       code   0x000000    program   0x000000
                   .org_1       code   0x000000    program   0x0000e0
      .config_2007_MARI.O       code   0x002007    program   0x000002
      .config_2008_MARI.O       code   0x002008    program   0x000002



                              Program Memory Usage 
                               Start         End      
                           ---------   ---------      
                            0x000000    0x00006f      
                            0x002007    0x002008      
            114 out of 8455 program addresses used, program memory utilization is 1%



                              Symbols - Sorted by Name
                     Name    Address   Location    Storage File                     
                ---------  ---------  ---------  --------- ---------                
                CARGA_BUS   0x00005b    program     static C:\Users\Jair Hernandez\Desktop\Sistemas Digitales\Extra\Mari.asm
                  COMANDO   0x000055    program     static C:\Users\Jair Hernandez\Desktop\Sistemas Digitales\Extra\Mari.asm
                     DATO   0x000058    program     static C:\Users\Jair Hernandez\Desktop\Sistemas Digitales\Extra\Mari.asm
                      FIN   0x000070    program     static C:\Users\Jair Hernandez\Desktop\Sistemas Digitales\Extra\Mari.asm
          INICIALIZAR_LCD   0x00000d    program     static C:\Users\Jair Hernandez\Desktop\Sistemas Digitales\Extra\Mari.asm
                       L1   0x000069    program     static C:\Users\Jair Hernandez\Desktop\Sistemas Digitales\Extra\Mari.asm
                       L2   0x000068    program     static C:\Users\Jair Hernandez\Desktop\Sistemas Digitales\Extra\Mari.asm
                       L3   0x000067    program     static C:\Users\Jair Hernandez\Desktop\Sistemas Digitales\Extra\Mari.asm
             PORTS_CONFIG   0x000001    program     static C:\Users\Jair Hernandez\Desktop\Sistemas Digitales\Extra\Mari.asm
                 REINICIO   0x000013    program     static C:\Users\Jair Hernandez\Desktop\Sistemas Digitales\Extra\Mari.asm
                      RET   0x000066    program     static C:\Users\Jair Hernandez\Desktop\Sistemas Digitales\Extra\Mari.asm
                  RETARDO   0x000061    program     static C:\Users\Jair Hernandez\Desktop\Sistemas Digitales\Extra\Mari.asm
                 RETARDO2   0x000063    program     static C:\Users\Jair Hernandez\Desktop\Sistemas Digitales\Extra\Mari.asm
               RETARDO_DP   0x000065    program     static C:\Users\Jair Hernandez\Desktop\Sistemas Digitales\Extra\Mari.asm
                    TABLA   0x000029    program     static C:\Users\Jair Hernandez\Desktop\Sistemas Digitales\Extra\Mari.asm
                   TABLA2   0x00003f    program     static C:\Users\Jair Hernandez\Desktop\Sistemas Digitales\Extra\Mari.asm
               VISUALIZAR   0x000014    program     static C:\Users\Jair Hernandez\Desktop\Sistemas Digitales\Extra\Mari.asm



                              Symbols - Sorted by Address
                     Name    Address   Location    Storage File                     
                ---------  ---------  ---------  --------- ---------                
             PORTS_CONFIG   0x000001    program     static C:\Users\Jair Hernandez\Desktop\Sistemas Digitales\Extra\Mari.asm
          INICIALIZAR_LCD   0x00000d    program     static C:\Users\Jair Hernandez\Desktop\Sistemas Digitales\Extra\Mari.asm
                 REINICIO   0x000013    program     static C:\Users\Jair Hernandez\Desktop\Sistemas Digitales\Extra\Mari.asm
               VISUALIZAR   0x000014    program     static C:\Users\Jair Hernandez\Desktop\Sistemas Digitales\Extra\Mari.asm
                    TABLA   0x000029    program     static C:\Users\Jair Hernandez\Desktop\Sistemas Digitales\Extra\Mari.asm
                   TABLA2   0x00003f    program     static C:\Users\Jair Hernandez\Desktop\Sistemas Digitales\Extra\Mari.asm
                  COMANDO   0x000055    program     static C:\Users\Jair Hernandez\Desktop\Sistemas Digitales\Extra\Mari.asm
                     DATO   0x000058    program     static C:\Users\Jair Hernandez\Desktop\Sistemas Digitales\Extra\Mari.asm
                CARGA_BUS   0x00005b    program     static C:\Users\Jair Hernandez\Desktop\Sistemas Digitales\Extra\Mari.asm
                  RETARDO   0x000061    program     static C:\Users\Jair Hernandez\Desktop\Sistemas Digitales\Extra\Mari.asm
                 RETARDO2   0x000063    program     static C:\Users\Jair Hernandez\Desktop\Sistemas Digitales\Extra\Mari.asm
               RETARDO_DP   0x000065    program     static C:\Users\Jair Hernandez\Desktop\Sistemas Digitales\Extra\Mari.asm
                      RET   0x000066    program     static C:\Users\Jair Hernandez\Desktop\Sistemas Digitales\Extra\Mari.asm
                       L3   0x000067    program     static C:\Users\Jair Hernandez\Desktop\Sistemas Digitales\Extra\Mari.asm
                       L2   0x000068    program     static C:\Users\Jair Hernandez\Desktop\Sistemas Digitales\Extra\Mari.asm
                       L1   0x000069    program     static C:\Users\Jair Hernandez\Desktop\Sistemas Digitales\Extra\Mari.asm
                      FIN   0x000070    program     static C:\Users\Jair Hernandez\Desktop\Sistemas Digitales\Extra\Mari.asm


